c:\users\james\onedrive\escritorio\lowlevely3\llgp\x64\debug\vc143.pdb
c:\users\james\onedrive\escritorio\lowlevely3\llgp\x64\debug\vc143.idb
c:\users\james\onedrive\escritorio\lowlevely3\llgp\x64\debug\main.obj
c:\users\james\onedrive\escritorio\lowlevely3\llgp\x64\debug\game2_player.obj
c:\users\james\onedrive\escritorio\lowlevely3\llgp\x64\debug\game2_menu.obj
c:\users\james\onedrive\escritorio\lowlevely3\llgp\x64\debug\game2_game.obj
c:\users\james\onedrive\escritorio\lowlevely3\llgp\x64\debug\game2_enemy.obj
c:\users\james\onedrive\escritorio\lowlevely3\llgp\x64\debug\game2_bullet.obj
c:\users\james\onedrive\escritorio\lowlevely3\llgp\x64\debug\game2_backgroundlayer.obj
c:\users\james\onedrive\escritorio\lowlevely3\llgp\x64\debug\game1_levelselect.obj
c:\users\james\onedrive\escritorio\lowlevely3\llgp\x64\debug\game1_leveleditor.obj
c:\users\james\onedrive\escritorio\lowlevely3\llgp\x64\debug\game1_level.obj
c:\users\james\onedrive\escritorio\lowlevely3\llgp\x64\debug\game1_enemy.obj
c:\users\james\onedrive\escritorio\lowlevely3\llgp\x64\debug\game1_bombermanwindow.obj
c:\users\james\onedrive\escritorio\lowlevely3\llgp\x64\debug\game1_bombermanmenu.obj
c:\users\james\onedrive\escritorio\lowlevely3\llgp\x64\debug\game1_bombermanlevelselect.obj
c:\users\james\onedrive\escritorio\lowlevely3\llgp\x64\debug\game1_bombermanleveleditor.obj
c:\users\james\onedrive\escritorio\lowlevely3\llgp\x64\debug\bombermanplayer.obj
c:\users\james\onedrive\escritorio\lowlevely3\llgp\x64\debug\bombermanlevel.obj
c:\users\james\onedrive\escritorio\lowlevely3\llgp\x64\debug\bombermanenemy.obj
c:\users\james\onedrive\escritorio\lowlevely3\llgp\x64\debug\arcadeinput.obj
c:\users\james\onedrive\escritorio\lowlevely3\llgp\x64\debug\arcadehub.obj
c:\users\james\onedrive\escritorio\lowlevely3\llgp\x64\debug\game1_player.obj
c:\users\james\onedrive\escritorio\lowlevely3\llgp\x64\debug\game1_menu.obj
c:\users\james\onedrive\escritorio\lowlevely3\llgp\x64\debug\arcadesettings.obj
c:\users\james\onedrive\escritorio\lowlevely3\llgp\x64\debug\arcadehuboptions.obj
c:\users\james\onedrive\escritorio\lowlevely3\x64\debug\llgp.exe
c:\users\james\onedrive\escritorio\lowlevely3\x64\debug\llgp.pdb
c:\users\james\onedrive\escritorio\lowlevely3\llgp\x64\debug\llgp.ilk
c:\users\james\onedrive\escritorio\lowlevely3\llgp\x64\debug\llgp.tlog\cl.command.1.tlog
c:\users\james\onedrive\escritorio\lowlevely3\llgp\x64\debug\llgp.tlog\cl.items.tlog
c:\users\james\onedrive\escritorio\lowlevely3\llgp\x64\debug\llgp.tlog\cl.read.1.tlog
c:\users\james\onedrive\escritorio\lowlevely3\llgp\x64\debug\llgp.tlog\cl.write.1.tlog
c:\users\james\onedrive\escritorio\lowlevely3\llgp\x64\debug\llgp.tlog\link.command.1.tlog
c:\users\james\onedrive\escritorio\lowlevely3\llgp\x64\debug\llgp.tlog\link.read.1.tlog
c:\users\james\onedrive\escritorio\lowlevely3\llgp\x64\debug\llgp.tlog\link.secondary.1.tlog
c:\users\james\onedrive\escritorio\lowlevely3\llgp\x64\debug\llgp.tlog\link.write.1.tlog
